﻿
> frontend@0.0.0 build
> vite build

[36mvite v8.0.0 [32mbuilding client environment for production...[36m[39m
[2K
transforming...Γ£ô 2380 modules transformed.
node.exe : 
[31mΓ£ù[39m Build 
failed in 640ms
At line:1 char:1
+ & "C:\Program Files\
nodejs/node.exe" 
"C:\Program 
Files\nodejs/node_mo 
...
+ ~~~~~~~~~~~~~~~~~~~~
~~~~~~~~~~~~~~~~~~~~~~
~~~~~~~~~~~~~~~~~~~~~~
~~~~~
    + CategoryInfo    
          : NotSpeci  
  fied: ([31mΓ£ù[   
 39m Build failed     
in 640ms:String)     
[], RemoteExcepti    
on
    + FullyQualifiedE 
   rrorId : NativeCo  
  mmandError
 
[31merror during 
build:
[31mBuild failed 
with 1 error:

[plugin vite:css] E:/s
csit/SentinelSOC/front
end/src/index.css:unde
fined:NaN
Error: [postcss] It 
looks like you're 
trying to use 
`tailwindcss` 
directly as a PostCSS 
plugin. The PostCSS 
plugin has moved to a 
separate package, so 
to continue using 
Tailwind CSS with 
PostCSS you'll need 
to install `@tailwindc
ss/postcss` and 
update your PostCSS 
configuration.
    at at (E:\scsit\Se
ntinelSOC\frontend\nod
e_modules\tailwindcss\
dist\lib.js:38:1643)
    at 
LazyResult.runOnRoot (
E:\scsit\SentinelSOC\f
rontend\node_modules\p
ostcss\lib\lazy-result
.js:361:16)
    at 
LazyResult.runAsync (E
:\scsit\SentinelSOC\fr
ontend\node_modules\po
stcss\lib\lazy-result.
js:290:26)
    at 
LazyResult.async (E:\s
csit\SentinelSOC\front
end\node_modules\postc
ss\lib\lazy-result.js:
192:30)
    at 
LazyResult.then (E:\sc
sit\SentinelSOC\fronte
nd\node_modules\postcs
s\lib\lazy-result.js:4
36:17)[31m
    at aggregateBindin
gErrorsIntoJsError (fi
le:///E:/scsit/Sentine
lSOC/frontend/node_mod
ules/rolldown/dist/sha
red/error-CP8smW_P.mjs
:48:18)
    at 
unwrapBindingResult (f
ile:///E:/scsit/Sentin
elSOC/frontend/node_mo
dules/rolldown/dist/sh
ared/error-CP8smW_P.mj
s:18:128)
    at #build (file://
/E:/scsit/SentinelSOC/
frontend/node_modules/
rolldown/dist/shared/r
olldown-build-4YnQkA76
.mjs:3311:34)
    at async 
buildEnvironment (file
:///E:/scsit/SentinelS
OC/frontend/node_modul
es/vite/dist/node/chun
ks/node.js:32794:64)
    at async 
Object.build (file:///
E:/scsit/SentinelSOC/f
rontend/node_modules/v
ite/dist/node/chunks/n
ode.js:33216:19)
    at async 
Object.buildApp (file:
///E:/scsit/SentinelSO
C/frontend/node_module
s/vite/dist/node/chunk
s/node.js:33213:153)
    at async 
CAC.<anonymous> (file:
///E:/scsit/SentinelSO
C/frontend/node_module
s/vite/dist/node/cli.j
s:778:3) {
  errors: 
[Getter/Setter]
}[39m
